// Jest Snapshot v1, https://goo.gl/fbAQLP

exports[`Dashboard Page matches snapshot 1`] = `
<DocumentFragment>
  <div
    data-testid="mock-socket-provider"
  >
    <div
      class="sc-dhKdcB kZRLJN"
    >
      <div
        class="sc-kpDqfm laYjnQ"
      >
        <h1
          class="sc-dAlyuH elwjJr"
        >
          Welcome to ValidatorAI
        </h1>
        <p
          class="sc-jlZhew eZFvko"
        >
          Upload and validate your PDF and Excel files with AI-powered intelligence
        </p>
      </div>
      <div
        class="sc-cwHptR iTKmhT"
      >
        <div
          class="sc-aXZVg sc-jEACwC egUycH bNvlxB"
        >
          <div
            class="sc-cPiKLX fGWVdn"
            color="#3b82f6"
          >
            <svg
              fill="none"
              height="24"
              stroke="currentColor"
              stroke-linecap="round"
              stroke-linejoin="round"
              stroke-width="2"
              viewBox="0 0 24 24"
              width="24"
              xmlns="http://www.w3.org/2000/svg"
            >
              <path
                d="M14 2H6a2 2 0 0 0-2 2v16a2 2 0 0 0 2 2h12a2 2 0 0 0 2-2V8z"
              />
              <polyline
                points="14 2 14 8 20 8"
              />
              <line
                x1="16"
                x2="8"
                y1="13"
                y2="13"
              />
              <line
                x1="16"
                x2="8"
                y1="17"
                y2="17"
              />
              <polyline
                points="10 9 9 9 8 9"
              />
            </svg>
          </div>
          <div
            class="sc-dLMFU kyCAfB"
          >
            <div
              class="sc-eDPEul bsyygd"
            >
              --
            </div>
            <div
              class="sc-eldPxv lorvlq"
            >
              Total Tasks
            </div>
          </div>
        </div>
        <div
          class="sc-aXZVg sc-jEACwC egUycH bNvlxB"
        >
          <div
            class="sc-cPiKLX HOYZf"
            color="#10b981"
          >
            <svg
              fill="none"
              height="24"
              stroke="currentColor"
              stroke-linecap="round"
              stroke-linejoin="round"
              stroke-width="2"
              viewBox="0 0 24 24"
              width="24"
              xmlns="http://www.w3.org/2000/svg"
            >
              <path
                d="M22 11.08V12a10 10 0 1 1-5.93-9.14"
              />
              <polyline
                points="22 4 12 14.01 9 11.01"
              />
            </svg>
          </div>
          <div
            class="sc-dLMFU kyCAfB"
          >
            <div
              class="sc-eDPEul bsyygd"
            >
              --
            </div>
            <div
              class="sc-eldPxv lorvlq"
            >
              Completed
            </div>
          </div>
        </div>
        <div
          class="sc-aXZVg sc-jEACwC egUycH bNvlxB"
        >
          <div
            class="sc-cPiKLX edZjZJ"
            color="#f59e0b"
          >
            <svg
              fill="none"
              height="24"
              stroke="currentColor"
              stroke-linecap="round"
              stroke-linejoin="round"
              stroke-width="2"
              viewBox="0 0 24 24"
              width="24"
              xmlns="http://www.w3.org/2000/svg"
            >
              <circle
                cx="12"
                cy="12"
                r="10"
              />
              <polyline
                points="12 6 12 12 16 14"
              />
            </svg>
          </div>
          <div
            class="sc-dLMFU kyCAfB"
          >
            <div
              class="sc-eDPEul bsyygd"
            >
              --
            </div>
            <div
              class="sc-eldPxv lorvlq"
            >
              In Progress
            </div>
          </div>
        </div>
        <div
          class="sc-aXZVg sc-jEACwC egUycH bNvlxB"
        >
          <div
            class="sc-cPiKLX beQzPT"
            color="#ef4444"
          >
            <svg
              fill="none"
              height="24"
              stroke="currentColor"
              stroke-linecap="round"
              stroke-linejoin="round"
              stroke-width="2"
              viewBox="0 0 24 24"
              width="24"
              xmlns="http://www.w3.org/2000/svg"
            >
              <circle
                cx="12"
                cy="12"
                r="10"
              />
              <line
                x1="12"
                x2="12"
                y1="8"
                y2="12"
              />
              <line
                x1="12"
                x2="12.01"
                y1="16"
                y2="16"
              />
            </svg>
          </div>
          <div
            class="sc-dLMFU kyCAfB"
          >
            <div
              class="sc-eDPEul bsyygd"
            >
              --
            </div>
            <div
              class="sc-eldPxv lorvlq"
            >
              Failed
            </div>
          </div>
        </div>
      </div>
      <div
        class="sc-fPXMVe hdVhJb"
      >
        <div
          class="sc-gFqAkR"
        >
          <div
            class="sc-aXZVg egUycH"
          >
            <div
              class="sc-dAbbOL cDQopq"
            >
              <h2
                class="sc-feUZmu krljLk"
              >
                Recent Tasks
              </h2>
              <a
                class="sc-fUnMCh cTzgOt"
                href="/results"
              >
                View All 
                <svg
                  fill="none"
                  height="14"
                  stroke="currentColor"
                  stroke-linecap="round"
                  stroke-linejoin="round"
                  stroke-width="2"
                  viewBox="0 0 24 24"
                  width="14"
                  xmlns="http://www.w3.org/2000/svg"
                >
                  <line
                    x1="5"
                    x2="19"
                    y1="12"
                    y2="12"
                  />
                  <polyline
                    points="12 5 19 12 12 19"
                  />
                </svg>
              </a>
            </div>
            <div
              class="sc-imWYAI gsWVGT"
            >
              <div
                class="sc-jXbUNg faFWmQ"
              />
            </div>
          </div>
        </div>
        <div
          class="sc-ikkxIA"
        >
          <div
            class="sc-aXZVg egUycH"
          >
            <div
              class="sc-dAbbOL cDQopq"
            >
              <h2
                class="sc-feUZmu krljLk"
              >
                Quick Actions
              </h2>
            </div>
            <div
              class="sc-koXPp fEuCmx"
            >
              <a
                class="sc-aXZVg sc-bmzYkS egUycH ixZckJ"
                href="/upload"
              >
                <div
                  class="sc-iHGNWf kufNkN"
                >
                  <svg
                    fill="none"
                    height="32"
                    stroke="currentColor"
                    stroke-linecap="round"
                    stroke-linejoin="round"
                    stroke-width="2"
                    viewBox="0 0 24 24"
                    width="32"
                    xmlns="http://www.w3.org/2000/svg"
                  >
                    <path
                      d="M21 15v4a2 2 0 0 1-2 2H5a2 2 0 0 1-2-2v-4"
                    />
                    <polyline
                      points="17 8 12 3 7 8"
                    />
                    <line
                      x1="12"
                      x2="12"
                      y1="3"
                      y2="15"
                    />
                  </svg>
                </div>
                <h3
                  class="sc-dtBdUo YHMMo"
                >
                  Upload Files
                </h3>
                <p
                  class="sc-kOHTFB hpktpA"
                >
                  Upload PDF or Excel files for validation
                </p>
              </a>
              <a
                class="sc-aXZVg sc-bmzYkS egUycH ixZckJ"
                href="/system"
              >
                <div
                  class="sc-iHGNWf kufNkN"
                >
                  <svg
                    fill="none"
                    height="32"
                    stroke="currentColor"
                    stroke-linecap="round"
                    stroke-linejoin="round"
                    stroke-width="2"
                    viewBox="0 0 24 24"
                    width="32"
                    xmlns="http://www.w3.org/2000/svg"
                  >
                    <polyline
                      points="22 12 18 12 15 21 9 3 6 12 2 12"
                    />
                  </svg>
                </div>
                <h3
                  class="sc-dtBdUo YHMMo"
                >
                  System Status
                </h3>
                <p
                  class="sc-kOHTFB hpktpA"
                >
                  Check system health and performance
                </p>
              </a>
              <a
                class="sc-aXZVg sc-bmzYkS egUycH ixZckJ"
                href="/monitoring"
              >
                <div
                  class="sc-iHGNWf kufNkN"
                >
                  <svg
                    fill="none"
                    height="32"
                    stroke="currentColor"
                    stroke-linecap="round"
                    stroke-linejoin="round"
                    stroke-width="2"
                    viewBox="0 0 24 24"
                    width="32"
                    xmlns="http://www.w3.org/2000/svg"
                  >
                    <polyline
                      points="23 6 13.5 15.5 8.5 10.5 1 18"
                    />
                    <polyline
                      points="17 6 23 6 23 12"
                    />
                  </svg>
                </div>
                <h3
                  class="sc-dtBdUo YHMMo"
                >
                  Monitoring
                </h3>
                <p
                  class="sc-kOHTFB hpktpA"
                >
                  View real-time system metrics
                </p>
              </a>
            </div>
          </div>
        </div>
      </div>
    </div>
  </div>
</DocumentFragment>
`;
